[01:24:16] [main/INFO] ========================================
[01:24:16] [main/INFO] Minecraft: 1.21.5
[01:24:16] [main/INFO] Side: server
[01:24:16] [main/INFO] Development: false
[01:24:16] [main/INFO] Version: 19.0.806
[01:24:16] [main/INFO] Loader:
[01:24:16] [main/INFO] - Fabric: 0.18.2
[01:24:16] [main/INFO] - Fabric API: 0.121.0+1.21.5
[01:24:16] [main/INFO] Dependencies:
[01:24:16] [main/INFO] - Cloth Config: 18.0.145
[01:24:16] [main/INFO] - Architectury: 16.1.4
[01:24:16] [main/INFO] Mixin: 0.8.7
[01:24:16] [main/INFO] OS: Linux 6.8.0-1052-azure (amd64)
[01:24:16] [main/INFO] Java: 21.0.11 (Ubuntu)
[01:24:16] [main/INFO] ========================================
[01:24:16] [main/INFO] Mods:
[01:24:16] [main/INFO] - architectury: 16.1.4
[01:24:16] [main/INFO] - c2me: 0.3.2.0.0+1.21.5
[01:24:16] [main/INFO] - c2me-base: 0.3.2.0.0+1.21.5
[01:24:16] [main/INFO] - c2me-fixes-chunkio-threading-issues: 0.3.2.0.0+1.21.5
[01:24:16] [main/INFO] - c2me-fixes-general-threading-issues: 0.3.2.0.0+1.21.5
[01:24:16] [main/INFO] - c2me-fixes-worldgen-threading-issues: 0.3.2.0.0+1.21.5
[01:24:16] [main/INFO] - c2me-fixes-worldgen-vanilla-bugs: 0.3.2.0.0+1.21.5
[01:24:16] [main/INFO] - c2me-notickvd: 0.3.2.0.0+1.21.5
[01:24:16] [main/INFO] - c2me-opts-allocs: 0.3.2.0.0+1.21.5
[01:24:16] [main/INFO] - c2me-opts-chunkio: 0.3.2.0.0+1.21.5
[01:24:16] [main/INFO] - c2me-opts-dfc: 0.3.2.0.0+1.21.5
[01:24:16] [main/INFO] - c2me-opts-math: 0.3.2.0.0+1.21.5
[01:24:16] [main/INFO] - c2me-opts-scheduling: 0.3.2.0.0+1.21.5
[01:24:16] [main/INFO] - c2me-opts-worldgen-general: 0.3.2.0.0+1.21.5
[01:24:16] [main/INFO] - c2me-opts-worldgen-vanilla: 0.3.2.0.0+1.21.5
[01:24:16] [main/INFO] - c2me-rewrites-chunk-serializer: 0.3.2.0.0+1.21.5
[01:24:16] [main/INFO] - c2me-rewrites-chunk-system: 0.3.2.0.0+1.21.5
[01:24:16] [main/INFO] - c2me-rewrites-chunkio: 0.3.2.0.0+1.21.5
[01:24:16] [main/INFO] - c2me-server-utils: 0.3.2.0.0+1.21.5
[01:24:16] [main/INFO] - c2me-threading-lighting: 0.3.2.0.0+1.21.5
[01:24:16] [main/INFO] - cloth-basic-math: 0.6.1
[01:24:16] [main/INFO] - cloth-config: 18.0.145
[01:24:16] [main/INFO] - cloth-config: 18.0.145
[01:24:16] [main/INFO] - com_electronwill_night-config_core: 3.6.5
[01:24:16] [main/INFO] - com_electronwill_night-config_toml: 3.6.5
[01:24:16] [main/INFO] - com_ibm_async_asyncutil: 0.1.0
[01:24:16] [main/INFO] - com_twelvemonkeys_common_common-image: 3.12.0
[01:24:16] [main/INFO] - com_twelvemonkeys_common_common-io: 3.12.0
[01:24:16] [main/INFO] - com_twelvemonkeys_common_common-lang: 3.12.0
[01:24:16] [main/INFO] - com_twelvemonkeys_imageio_imageio-core: 3.12.0
[01:24:16] [main/INFO] - com_twelvemonkeys_imageio_imageio-metadata: 3.12.0
[01:24:16] [main/INFO] - com_twelvemonkeys_imageio_imageio-webp: 3.12.0
[01:24:16] [main/INFO] - com_zaxxer_hikaricp: 5.1.0
[01:24:16] [main/INFO] - error_notifier: 1.0.11
[01:24:16] [main/INFO] - fabric-api: 0.121.0+1.21.5
[01:24:16] [main/INFO] - fabric-api: 0.121.0+1.21.5
[01:24:16] [main/INFO] - fabric-api-base: 0.4.62+73a52b4b49
[01:24:16] [main/INFO] - fabric-api-lookup-api-v1: 1.6.95+86c3a9f149
[01:24:16] [main/INFO] - fabric-biome-api-v1: 16.0.7+2dd063df49
[01:24:16] [main/INFO] - fabric-block-api-v1: 1.0.37+86c3a9f149
[01:24:16] [main/INFO] - fabric-block-view-api-v2: 1.0.26+aa6d566c49
[01:24:16] [main/INFO] - fabric-command-api-v1: 1.2.70+f71b366f49
[01:24:16] [main/INFO] - fabric-command-api-v2: 2.2.49+73a52b4b49
[01:24:16] [main/INFO] - fabric-commands-v0: 0.2.87+df3654b349
[01:24:16] [main/INFO] - fabric-content-registries-v0: 10.0.12+3e6c1f7d49
[01:24:16] [main/INFO] - fabric-convention-tags-v1: 2.1.29+7f945d5b49
[01:24:16] [main/INFO] - fabric-convention-tags-v2: 2.14.3+fca633a049
[01:24:16] [main/INFO] - fabric-crash-report-info-v1: 0.3.12+86c3a9f149
[01:24:16] [main/INFO] - fabric-data-attachment-api-v1: 1.7.0+9c0dd47249
[01:24:16] [main/INFO] - fabric-data-generation-api-v1: 22.3.4+fd2b524049
[01:24:16] [main/INFO] - fabric-dimensions-v1: 4.0.17+3e6c1f7d49
[01:24:16] [main/INFO] - fabric-entity-events-v1: 2.0.25+27c1078f49
[01:24:16] [main/INFO] - fabric-events-interaction-v0: 4.0.13+73a52b4b49
[01:24:16] [main/INFO] - fabric-game-rule-api-v1: 1.0.70+c327076a49
[01:24:16] [main/INFO] - fabric-item-api-v1: 11.3.2+2ccdb6ef49
[01:24:16] [main/INFO] - fabric-item-group-api-v1: 4.2.8+3459fc6149
[01:24:16] [main/INFO] - fabric-language-kotlin: 1.13.1+kotlin.2.1.10
[01:24:16] [main/INFO] - fabric-lifecycle-events-v1: 2.5.13+5cbce67349
[01:24:16] [main/INFO] - fabric-loot-api-v2: 3.0.47+3f89f5a549
[01:24:16] [main/INFO] - fabric-loot-api-v3: 1.0.35+86c3a9f149
[01:24:16] [main/INFO] - fabric-message-api-v1: 6.0.33+86c3a9f149
[01:24:16] [main/INFO] - fabric-networking-api-v1: 4.4.0+f3ffa98949
[01:24:16] [main/INFO] - fabric-object-builder-api-v1: 21.0.0+7b20cbb049
[01:24:16] [main/INFO] - fabric-particles-v1: 4.1.1+112e550e49
[01:24:16] [main/INFO] - fabric-recipe-api-v1: 8.1.6+052a85d049
[01:24:16] [main/INFO] - fabric-registry-sync-v0: 6.1.20+b556383249
[01:24:16] [main/INFO] - fabric-rendering-data-attachment-v1: 0.3.64+73761d2e49
[01:24:16] [main/INFO] - fabric-rendering-fluids-v1: 3.1.27+86c3a9f149
[01:24:16] [main/INFO] - fabric-resource-conditions-api-v1: 5.0.21+73a52b4b49
[01:24:16] [main/INFO] - fabric-resource-loader-v0: 3.1.6+02ca679649
[01:24:16] [main/INFO] - fabric-screen-handler-api-v1: 1.3.127+c327076a49
[01:24:16] [main/INFO] - fabric-tag-api-v1: 1.0.16+ecf51cdc49
[01:24:16] [main/INFO] - fabric-transfer-api-v1: 5.4.23+7b20cbb049
[01:24:16] [main/INFO] - fabric-transitive-access-wideners-v1: 6.3.17+f17a180c49
[01:24:16] [main/INFO] - fabricloader: 0.18.2
[01:24:16] [main/INFO] - ferritecore: 8.0.0
[01:24:16] [main/INFO] - io_reactivex_rxjava3_rxjava: 3.1.8
[01:24:16] [main/INFO] - java: 21
[01:24:16] [main/INFO] - lithium: 0.16.2+mc1.21.5
[01:24:16] [main/INFO] - minecraft: 1.21.5
[01:24:16] [main/INFO] - mixinextras: 0.5.0
[01:24:16] [main/INFO] - mixinsquared: 0.2.0-beta.6
[01:24:16] [main/INFO] - net_objecthunter_exp4j: 0.4.8
[01:24:16] [main/INFO] - org_jctools_jctools-core: 4.0.5
[01:24:16] [main/INFO] - org_jetbrains_kotlin_kotlin-reflect: 2.1.10
[01:24:16] [main/INFO] - org_jetbrains_kotlin_kotlin-stdlib: 2.1.10
[01:24:16] [main/INFO] - org_jetbrains_kotlin_kotlin-stdlib-jdk7: 2.1.10
[01:24:16] [main/INFO] - org_jetbrains_kotlin_kotlin-stdlib-jdk8: 2.1.10
[01:24:16] [main/INFO] - org_jetbrains_kotlinx_atomicfu-jvm: 0.27.0
[01:24:16] [main/INFO] - org_jetbrains_kotlinx_kotlinx-coroutines-core-jvm: 1.10.1
[01:24:16] [main/INFO] - org_jetbrains_kotlinx_kotlinx-coroutines-jdk8: 1.10.1
[01:24:16] [main/INFO] - org_jetbrains_kotlinx_kotlinx-datetime-jvm: 0.6.1
[01:24:16] [main/INFO] - org_jetbrains_kotlinx_kotlinx-io-bytestring-jvm: 0.6.0
[01:24:16] [main/INFO] - org_jetbrains_kotlinx_kotlinx-io-core-jvm: 0.6.0
[01:24:16] [main/INFO] - org_jetbrains_kotlinx_kotlinx-serialization-cbor-jvm: 1.8.0
[01:24:16] [main/INFO] - org_jetbrains_kotlinx_kotlinx-serialization-core-jvm: 1.8.0
[01:24:16] [main/INFO] - org_jetbrains_kotlinx_kotlinx-serialization-json-jvm: 1.8.0
[01:24:16] [main/INFO] - org_quiltmc_parsers_gson: 0.2.1
[01:24:16] [main/INFO] - org_quiltmc_parsers_json: 0.2.1
[01:24:16] [main/INFO] - org_reactivestreams_reactive-streams: 1.0.4
[01:24:16] [main/INFO] - org_xerial_sqlite-jdbc: 3.46.0.0
[01:24:16] [main/INFO] - packet_tweaker: 0.6.0-pre.1+1.21.2-pre3
[01:24:16] [main/INFO] - roughlyenoughitems: 19.0.806
[01:24:16] [main/INFO] - server_translations: 2.5.0+1.21.5-rc1
[01:24:16] [main/INFO] - server_translations_api: 2.5.0+1.21.5-rc1
[01:24:16] [main/INFO] - simpleupdatechecker: 1.1.0+1.21.3
[01:24:16] [main/INFO] - voicechat: 1.21.5-2.5.30
[01:24:16] [main/INFO] - yet-another-minecraft-bingo: 2.6.2+mc1.21.5
[01:24:16] [main/INFO] - yet-another-minecraft-bingo-api: 2.6.2
[01:24:16] [main/INFO] - yet_another_config_lib_v3: 3.6.6+1.21.5-fabric
[01:24:16] [main/INFO] - yosbr: 0.1.2
[01:24:16] [main/INFO] ========================================
[01:24:16] [main/INFO] [REI] Registered plugin provider DefaultPlugin [roughlyenoughitems] for REICommonPlugin
[01:24:16] [main/INFO] [REI] Registered plugin provider DefaultRuntimePlugin [roughlyenoughitems] for REICommonPlugin
[01:24:16] [main/INFO] [REI] Registered plugin provider FabricFluidAPISupportPlugin for REICommonPlugin
[01:24:19] [main/DEBUG] [REI] Processed 3 tags in 408.0 μs for minecraft:point_of_interest_type
[01:24:19] [main/DEBUG] [REI] Processed 308 tags in 2.162 ms for minecraft:block
[01:24:19] [main/DEBUG] [REI] Processed 449 tags in 1.479 ms for minecraft:item
[01:24:19] [main/DEBUG] [REI] Processed 5 tags in 54.24 μs for minecraft:game_event
[01:24:19] [main/DEBUG] [REI] Processed 41 tags in 127.0 μs for minecraft:entity_type
[01:24:19] [main/DEBUG] [REI] Processed 5 tags in 31.43 μs for minecraft:fluid
[01:24:23] [Server thread/DEBUG] [REI] Starting Reload Plugins of stage null
java.lang.Throwable
	at knot//me.shedaniel.rei.impl.common.plugins.ReloadManagerImpl.reloadPlugins(ReloadManagerImpl.java:110)
	at knot//me.shedaniel.rei.RoughlyEnoughItemsCore.lambda$onInitialize$5(RoughlyEnoughItemsCore.java:157)
	at knot//dev.architectury.event.fabric.EventHandlerImpl.lambda$registerCommon$10(EventHandlerImpl.java:67)
	at knot//net.fabricmc.fabric.api.event.lifecycle.v1.ServerLifecycleEvents.lambda$static$2(ServerLifecycleEvents.java:49)
	at knot//net.minecraft.server.MinecraftServer.handler$zmc000$fabric-lifecycle-events-v1$afterSetupServer(MinecraftServer.java:2697)
	at knot//net.minecraft.server.MinecraftServer.method_29741(MinecraftServer.java:675)
	at knot//net.minecraft.server.MinecraftServer.method_29739(MinecraftServer.java:290)
	at java.base/java.lang.Thread.run(Thread.java:1583)
[01:24:23] [Server thread/DEBUG] [REI] ========================================
[01:24:23] [Server thread/DEBUG] [REI] REICommonPlugin starting pre-reload for START.
[01:24:23] [Server thread/DEBUG] [REI] Reloadables (8):
[01:24:23] [Server thread/DEBUG] [REI]  - SlotAccessorRegistryImpl
[01:24:23] [Server thread/DEBUG] [REI]  - EntryTypeRegistryImpl
[01:24:23] [Server thread/DEBUG] [REI]  - EntrySettingsAdapterRegistryImpl
[01:24:23] [Server thread/DEBUG] [REI]  - ItemComparatorRegistryImpl
[01:24:23] [Server thread/DEBUG] [REI]  - FluidComparatorRegistryImpl
[01:24:23] [Server thread/DEBUG] [REI]  - DisplaySerializerRegistryImpl
[01:24:23] [Server thread/DEBUG] [REI]  - ServerDisplayRegistryImpl
[01:24:23] [Server thread/DEBUG] [REI]  - FluidSupportProviderImpl
[01:24:23] [Server thread/DEBUG] [REI] Plugins (3):
[01:24:23] [Server thread/DEBUG] [REI]  - (-100.00) DefaultPlugin of DefaultPlugin [roughlyenoughitems]
[01:24:23] [Server thread/DEBUG] [REI]  - (0.00) FabricFluidAPISupportPlugin
[01:24:23] [Server thread/DEBUG] [REI]  - (0.00) DefaultRuntimePlugin of DefaultRuntimePlugin [roughlyenoughitems]
[01:24:23] [Server thread/DEBUG] [REI] ========================================
[01:24:23] [Server thread/TRACE] [REI] [REICommonPlugin START] Reloading Section: "pre-register/"
[01:24:23] [Server thread/TRACE] [REI] [REICommonPlugin START] Reloading Section: "pre-register/DefaultPlugin of DefaultPlugin [roughlyenoughitems]/"
[01:24:23] [Server thread/TRACE] [REI] [REICommonPlugin START] Reloading Section: "pre-register/DefaultPlugin of DefaultPlugin [roughlyenoughitems]/" done in 1.023 ms
[01:24:23] [Server thread/TRACE] [REI] [REICommonPlugin START] Reloading Section: "pre-register/FabricFluidAPISupportPlugin/"
[01:24:23] [Server thread/TRACE] [REI] [REICommonPlugin START] Reloading Section: "pre-register/FabricFluidAPISupportPlugin/" done in 80.99 μs
[01:24:23] [Server thread/TRACE] [REI] [REICommonPlugin START] Reloading Section: "pre-register/DefaultRuntimePlugin of DefaultRuntimePlugin [roughlyenoughitems]/"
[01:24:23] [Server thread/TRACE] [REI] [REICommonPlugin START] Reloading Section: "pre-register/DefaultRuntimePlugin of DefaultRuntimePlugin [roughlyenoughitems]/" done in 53.15 μs
[01:24:23] [Server thread/TRACE] [REI] [REICommonPlugin START] Reloading Section: "pre-register/" done in 19.79 ms
[01:24:23] [Server thread/TRACE] [REI] [REICommonPlugin START] Reloading Section: "pre-stage/"
[01:24:23] [Server thread/TRACE] [REI] [REICommonPlugin START] Reloading Section: "pre-stage/SlotAccessorRegistryImpl/"
[01:24:23] [Server thread/TRACE] [REI] [REICommonPlugin START] Reloading Section: "pre-stage/SlotAccessorRegistryImpl/" done in 243.2 μs
[01:24:23] [Server thread/TRACE] [REI] [REICommonPlugin START] Reloading Section: "pre-stage/EntryTypeRegistryImpl/"
[01:24:23] [Server thread/TRACE] [REI] [REICommonPlugin START] Reloading Section: "pre-stage/EntryTypeRegistryImpl/" done in 40.90 μs
[01:24:23] [Server thread/TRACE] [REI] [REICommonPlugin START] Reloading Section: "pre-stage/EntrySettingsAdapterRegistryImpl/"
[01:24:23] [Server thread/TRACE] [REI] [REICommonPlugin START] Reloading Section: "pre-stage/EntrySettingsAdapterRegistryImpl/" done in 35.70 μs
[01:24:23] [Server thread/TRACE] [REI] [REICommonPlugin START] Reloading Section: "pre-stage/ItemComparatorRegistryImpl/"
[01:24:23] [Server thread/TRACE] [REI] [REICommonPlugin START] Reloading Section: "pre-stage/ItemComparatorRegistryImpl/" done in 64.87 μs
[01:24:23] [Server thread/TRACE] [REI] [REICommonPlugin START] Reloading Section: "pre-stage/FluidComparatorRegistryImpl/"
[01:24:23] [Server thread/TRACE] [REI] [REICommonPlugin START] Reloading Section: "pre-stage/FluidComparatorRegistryImpl/" done in 32.36 μs
[01:24:23] [Server thread/TRACE] [REI] [REICommonPlugin START] Reloading Section: "pre-stage/DisplaySerializerRegistryImpl/"
[01:24:23] [Server thread/TRACE] [REI] [REICommonPlugin START] Reloading Section: "pre-stage/DisplaySerializerRegistryImpl/" done in 33.56 μs
[01:24:23] [Server thread/TRACE] [REI] [REICommonPlugin START] Reloading Section: "pre-stage/ServerDisplayRegistryImpl/"
[01:24:23] [Server thread/TRACE] [REI] [REICommonPlugin START] Reloading Section: "pre-stage/ServerDisplayRegistryImpl/" done in 48.46 μs
[01:24:23] [Server thread/TRACE] [REI] [REICommonPlugin START] Reloading Section: "pre-stage/FluidSupportProviderImpl/"
[01:24:23] [Server thread/TRACE] [REI] [REICommonPlugin START] Reloading Section: "pre-stage/FluidSupportProviderImpl/" done in 52.68 μs
[01:24:23] [Server thread/TRACE] [REI] [REICommonPlugin START] Reloading Section: "pre-stage/" done in 1.415 ms
[01:24:23] [Server thread/DEBUG] [REI] ========================================
[01:24:23] [Server thread/DEBUG] [REI] REICommonPlugin finished pre-reload for START in 21.71 ms.
[01:24:23] [Server thread/DEBUG] [REI] ========================================
[01:24:23] [Server thread/INFO] [REI] @@@@@@@@@@@@@@@@@@@@@@@@@@@@@@@@@@@@@@@@
[01:24:23] [Server thread/INFO] [REI] REICommonPlugin starting main-reload for START.
[01:24:23] [Server thread/DEBUG] [REI] Reloadables (8):
[01:24:23] [Server thread/DEBUG] [REI]  - SlotAccessorRegistryImpl
[01:24:23] [Server thread/DEBUG] [REI]  - EntryTypeRegistryImpl
[01:24:23] [Server thread/DEBUG] [REI]  - EntrySettingsAdapterRegistryImpl
[01:24:23] [Server thread/DEBUG] [REI]  - ItemComparatorRegistryImpl
[01:24:23] [Server thread/DEBUG] [REI]  - FluidComparatorRegistryImpl
[01:24:23] [Server thread/DEBUG] [REI]  - DisplaySerializerRegistryImpl
[01:24:23] [Server thread/DEBUG] [REI]  - ServerDisplayRegistryImpl
[01:24:23] [Server thread/DEBUG] [REI]  - FluidSupportProviderImpl
[01:24:23] [Server thread/INFO] [REI] Plugins (3):
[01:24:23] [Server thread/INFO] [REI]  - (-100.00) DefaultPlugin of DefaultPlugin [roughlyenoughitems]
[01:24:23] [Server thread/INFO] [REI]  - (0.00) FabricFluidAPISupportPlugin
[01:24:23] [Server thread/INFO] [REI]  - (0.00) DefaultRuntimePlugin of DefaultRuntimePlugin [roughlyenoughitems]
[01:24:23] [Server thread/INFO] [REI] @@@@@@@@@@@@@@@@@@@@@@@@@@@@@@@@@@@@@@@@
[01:24:23] [Server thread/TRACE] [REI] [REICommonPlugin START] Reloading Section: "start-reload/"
[01:24:23] [Server thread/TRACE] [REI] [REICommonPlugin START] Reloading Section: "start-reload/SlotAccessorRegistryImpl/"
[01:24:23] [Server thread/TRACE] [REI] [REICommonPlugin START] Reloading Section: "start-reload/SlotAccessorRegistryImpl/" done in 55.80 μs
[01:24:23] [Server thread/TRACE] [REI] [REICommonPlugin START] Reloading Section: "start-reload/EntryTypeRegistryImpl/"
[01:24:23] [Server thread/TRACE] [REI] [REICommonPlugin START] Reloading Section: "start-reload/EntryTypeRegistryImpl/" done in 56.33 μs
[01:24:23] [Server thread/TRACE] [REI] [REICommonPlugin START] Reloading Section: "start-reload/EntrySettingsAdapterRegistryImpl/"
[01:24:23] [Server thread/TRACE] [REI] [REICommonPlugin START] Reloading Section: "start-reload/EntrySettingsAdapterRegistryImpl/" done in 31.46 μs
[01:24:23] [Server thread/TRACE] [REI] [REICommonPlugin START] Reloading Section: "start-reload/ItemComparatorRegistryImpl/"
[01:24:23] [Server thread/TRACE] [REI] [REICommonPlugin START] Reloading Section: "start-reload/ItemComparatorRegistryImpl/" done in 108.9 μs
[01:24:23] [Server thread/TRACE] [REI] [REICommonPlugin START] Reloading Section: "start-reload/FluidComparatorRegistryImpl/"
[01:24:23] [Server thread/TRACE] [REI] [REICommonPlugin START] Reloading Section: "start-reload/FluidComparatorRegistryImpl/" done in 42.72 μs
[01:24:23] [Server thread/TRACE] [REI] [REICommonPlugin START] Reloading Section: "start-reload/DisplaySerializerRegistryImpl/"
[01:24:23] [Server thread/TRACE] [REI] [REICommonPlugin START] Reloading Section: "start-reload/DisplaySerializerRegistryImpl/" done in 42.58 μs
[01:24:23] [Server thread/TRACE] [REI] [REICommonPlugin START] Reloading Section: "start-reload/ServerDisplayRegistryImpl/"
[01:24:23] [Server thread/TRACE] [REI] [REICommonPlugin START] Reloading Section: "start-reload/ServerDisplayRegistryImpl/" done in 50.18 μs
[01:24:23] [Server thread/TRACE] [REI] [REICommonPlugin START] Reloading Section: "start-reload/FluidSupportProviderImpl/"
[01:24:23] [Server thread/TRACE] [REI] [REICommonPlugin START] Reloading Section: "start-reload/FluidSupportProviderImpl/" done in 45.97 μs
[01:24:23] [Server thread/TRACE] [REI] [REICommonPlugin START] Reloading Section: "start-reload/" done in 1.740 ms
[01:24:23] [Server thread/DEBUG] [REI] ========================================
[01:24:23] [Server thread/DEBUG] [REI] REICommonPlugin started main-reload for START.
[01:24:23] [Server thread/DEBUG] [REI] ========================================
[01:24:23] [Server thread/TRACE] [REI] [REICommonPlugin START] Reloading Section: "reloadable-plugin/SlotAccessorRegistryImpl/"
[01:24:23] [Server thread/TRACE] [REI] [REICommonPlugin START] Reloading Section: "reloadable-plugin/SlotAccessorRegistryImpl/DefaultPlugin of DefaultPlugin [roughlyenoughitems]/"
[01:24:23] [Server thread/TRACE] [REI] [REICommonPlugin START] Reloading Section: "reloadable-plugin/SlotAccessorRegistryImpl/DefaultPlugin of DefaultPlugin [roughlyenoughitems]/" done in 228.0 μs
[01:24:23] [Server thread/TRACE] [REI] [REICommonPlugin START] Reloading Section: "reloadable-plugin/SlotAccessorRegistryImpl/FabricFluidAPISupportPlugin/"
[01:24:23] [Server thread/TRACE] [REI] [REICommonPlugin START] Reloading Section: "reloadable-plugin/SlotAccessorRegistryImpl/FabricFluidAPISupportPlugin/" done in 44.08 μs
[01:24:23] [Server thread/TRACE] [REI] [REICommonPlugin START] Reloading Section: "reloadable-plugin/SlotAccessorRegistryImpl/DefaultRuntimePlugin of DefaultRuntimePlugin [roughlyenoughitems]/"
[01:24:23] [Server thread/TRACE] [REI] [REICommonPlugin START] Reloading Section: "reloadable-plugin/SlotAccessorRegistryImpl/DefaultRuntimePlugin of DefaultRuntimePlugin [roughlyenoughitems]/" done in 46.49 μs
[01:24:23] [Server thread/TRACE] [REI] [REICommonPlugin START] Reloading Section: "reloadable-plugin/SlotAccessorRegistryImpl/" done in 4.059 ms
[01:24:23] [Server thread/TRACE] [REI] [REICommonPlugin START] Reloading Section: "reloadable-plugin/EntryTypeRegistryImpl/"
[01:24:23] [Server thread/TRACE] [REI] [REICommonPlugin START] Reloading Section: "reloadable-plugin/EntryTypeRegistryImpl/DefaultPlugin of DefaultPlugin [roughlyenoughitems]/"
[01:24:23] [Server thread/TRACE] [REI] [REICommonPlugin START] Reloading Section: "reloadable-plugin/EntryTypeRegistryImpl/DefaultPlugin of DefaultPlugin [roughlyenoughitems]/" done in 49.09 μs
[01:24:23] [Server thread/TRACE] [REI] [REICommonPlugin START] Reloading Section: "reloadable-plugin/EntryTypeRegistryImpl/FabricFluidAPISupportPlugin/"
[01:24:23] [Server thread/TRACE] [REI] [REICommonPlugin START] Reloading Section: "reloadable-plugin/EntryTypeRegistryImpl/FabricFluidAPISupportPlugin/" done in 37.06 μs
[01:24:23] [Server thread/TRACE] [REI] [REICommonPlugin START] Reloading Section: "reloadable-plugin/EntryTypeRegistryImpl/DefaultRuntimePlugin of DefaultRuntimePlugin [roughlyenoughitems]/"
[01:24:23] [Server thread/TRACE] [REI] [REICommonPlugin START] Reloading Section: "reloadable-plugin/EntryTypeRegistryImpl/DefaultRuntimePlugin of DefaultRuntimePlugin [roughlyenoughitems]/" done in 12.28 ms
[01:24:23] [Server thread/TRACE] [REI] [REICommonPlugin START] Reloading Section: "reloadable-plugin/EntryTypeRegistryImpl/" done in 12.71 ms
[01:24:23] [Server thread/TRACE] [REI] [REICommonPlugin START] Reloading Section: "reloadable-plugin/EntrySettingsAdapterRegistryImpl/"
[01:24:23] [Server thread/TRACE] [REI] [REICommonPlugin START] Reloading Section: "reloadable-plugin/EntrySettingsAdapterRegistryImpl/DefaultPlugin of DefaultPlugin [roughlyenoughitems]/"
[01:24:23] [Server thread/TRACE] [REI] [REICommonPlugin START] Reloading Section: "reloadable-plugin/EntrySettingsAdapterRegistryImpl/DefaultPlugin of DefaultPlugin [roughlyenoughitems]/" done in 1.083 ms
[01:24:23] [Server thread/TRACE] [REI] [REICommonPlugin START] Reloading Section: "reloadable-plugin/EntrySettingsAdapterRegistryImpl/FabricFluidAPISupportPlugin/"
[01:24:23] [Server thread/TRACE] [REI] [REICommonPlugin START] Reloading Section: "reloadable-plugin/EntrySettingsAdapterRegistryImpl/FabricFluidAPISupportPlugin/" done in 48.20 μs
[01:24:23] [Server thread/TRACE] [REI] [REICommonPlugin START] Reloading Section: "reloadable-plugin/EntrySettingsAdapterRegistryImpl/DefaultRuntimePlugin of DefaultRuntimePlugin [roughlyenoughitems]/"
[01:24:23] [Server thread/TRACE] [REI] [REICommonPlugin START] Reloading Section: "reloadable-plugin/EntrySettingsAdapterRegistryImpl/DefaultRuntimePlugin of DefaultRuntimePlugin [roughlyenoughitems]/" done in 47.63 μs
[01:24:23] [Server thread/TRACE] [REI] [REICommonPlugin START] Reloading Section: "reloadable-plugin/EntrySettingsAdapterRegistryImpl/" done in 1.521 ms
[01:24:23] [Server thread/TRACE] [REI] [REICommonPlugin START] Reloading Section: "reloadable-plugin/ItemComparatorRegistryImpl/"
[01:24:23] [Server thread/TRACE] [REI] [REICommonPlugin START] Reloading Section: "reloadable-plugin/ItemComparatorRegistryImpl/DefaultPlugin of DefaultPlugin [roughlyenoughitems]/"
[01:24:23] [Server thread/TRACE] [REI] [REICommonPlugin START] Reloading Section: "reloadable-plugin/ItemComparatorRegistryImpl/DefaultPlugin of DefaultPlugin [roughlyenoughitems]/" done in 2.992 ms
[01:24:23] [Server thread/TRACE] [REI] [REICommonPlugin START] Reloading Section: "reloadable-plugin/ItemComparatorRegistryImpl/FabricFluidAPISupportPlugin/"
[01:24:23] [Server thread/TRACE] [REI] [REICommonPlugin START] Reloading Section: "reloadable-plugin/ItemComparatorRegistryImpl/FabricFluidAPISupportPlugin/" done in 49.04 μs
[01:24:23] [Server thread/TRACE] [REI] [REICommonPlugin START] Reloading Section: "reloadable-plugin/ItemComparatorRegistryImpl/DefaultRuntimePlugin of DefaultRuntimePlugin [roughlyenoughitems]/"
[01:24:23] [Server thread/TRACE] [REI] [REICommonPlugin START] Reloading Section: "reloadable-plugin/ItemComparatorRegistryImpl/DefaultRuntimePlugin of DefaultRuntimePlugin [roughlyenoughitems]/" done in 49.77 μs
[01:24:23] [Server thread/TRACE] [REI] [REICommonPlugin START] Reloading Section: "reloadable-plugin/ItemComparatorRegistryImpl/" done in 3.519 ms
[01:24:23] [Server thread/TRACE] [REI] [REICommonPlugin START] Reloading Section: "reloadable-plugin/FluidComparatorRegistryImpl/"
[01:24:23] [Server thread/TRACE] [REI] [REICommonPlugin START] Reloading Section: "reloadable-plugin/FluidComparatorRegistryImpl/DefaultPlugin of DefaultPlugin [roughlyenoughitems]/"
[01:24:23] [Server thread/TRACE] [REI] [REICommonPlugin START] Reloading Section: "reloadable-plugin/FluidComparatorRegistryImpl/DefaultPlugin of DefaultPlugin [roughlyenoughitems]/" done in 44.85 μs
[01:24:23] [Server thread/TRACE] [REI] [REICommonPlugin START] Reloading Section: "reloadable-plugin/FluidComparatorRegistryImpl/FabricFluidAPISupportPlugin/"
[01:24:23] [Server thread/TRACE] [REI] [REICommonPlugin START] Reloading Section: "reloadable-plugin/FluidComparatorRegistryImpl/FabricFluidAPISupportPlugin/" done in 99.66 μs
[01:24:23] [Server thread/TRACE] [REI] [REICommonPlugin START] Reloading Section: "reloadable-plugin/FluidComparatorRegistryImpl/DefaultRuntimePlugin of DefaultRuntimePlugin [roughlyenoughitems]/"
[01:24:23] [Server thread/TRACE] [REI] [REICommonPlugin START] Reloading Section: "reloadable-plugin/FluidComparatorRegistryImpl/DefaultRuntimePlugin of DefaultRuntimePlugin [roughlyenoughitems]/" done in 45.59 μs
[01:24:23] [Server thread/TRACE] [REI] [REICommonPlugin START] Reloading Section: "reloadable-plugin/FluidComparatorRegistryImpl/" done in 564.7 μs
[01:24:23] [Server thread/TRACE] [REI] [REICommonPlugin START] Reloading Section: "reloadable-plugin/DisplaySerializerRegistryImpl/"
[01:24:23] [Server thread/TRACE] [REI] [REICommonPlugin START] Reloading Section: "reloadable-plugin/DisplaySerializerRegistryImpl/DefaultPlugin of DefaultPlugin [roughlyenoughitems]/"
[01:24:23] [Server thread/DEBUG] [REI] Added display serializer [minecraft:client/crafting/shaped] me.shedaniel.rei.api.common.display.DisplaySerializer$1@183caae4
[01:24:23] [Server thread/DEBUG] [REI] Added display serializer [minecraft:client/crafting/shapeless] me.shedaniel.rei.api.common.display.DisplaySerializer$1@3d312f5f
[01:24:23] [Server thread/DEBUG] [REI] Added display serializer [minecraft:client/smelting] me.shedaniel.rei.api.common.display.DisplaySerializer$1@157652c4
[01:24:23] [Server thread/DEBUG] [REI] Added display serializer [minecraft:client/smoking] me.shedaniel.rei.api.common.display.DisplaySerializer$1@73c333f0
[01:24:23] [Server thread/DEBUG] [REI] Added display serializer [minecraft:client/blasting] me.shedaniel.rei.api.common.display.DisplaySerializer$1@47ecb47
[01:24:23] [Server thread/DEBUG] [REI] Added display serializer [minecraft:default/crafting/shaped] me.shedaniel.rei.api.common.display.DisplaySerializer$1@7d749acf
[01:24:23] [Server thread/DEBUG] [REI] Added display serializer [minecraft:default/crafting/shapeless] me.shedaniel.rei.api.common.display.DisplaySerializer$1@683dddec
[01:24:23] [Server thread/DEBUG] [REI] Added display serializer [minecraft:default/crafting/custom] me.shedaniel.rei.api.common.display.DisplaySerializer$1@4fac37
[01:24:23] [Server thread/DEBUG] [REI] Added display serializer [minecraft:default/crafting/custom_shaped] me.shedaniel.rei.api.common.display.DisplaySerializer$1@79ae9ac3
[01:24:23] [Server thread/DEBUG] [REI] Added display serializer [minecraft:default/crafting/custom_shapeless] me.shedaniel.rei.api.common.display.DisplaySerializer$1@75154000
[01:24:23] [Server thread/DEBUG] [REI] Added display serializer [minecraft:extension/crafting/map_extending] me.shedaniel.rei.api.common.display.DisplaySerializer$1@27dce390
[01:24:23] [Server thread/DEBUG] [REI] Added display serializer [minecraft:default/smelting] me.shedaniel.rei.api.common.display.DisplaySerializer$1@356b84fb
[01:24:23] [Server thread/DEBUG] [REI] Added display serializer [minecraft:default/smoking] me.shedaniel.rei.api.common.display.DisplaySerializer$1@3f1c8033
[01:24:23] [Server thread/DEBUG] [REI] Added display serializer [minecraft:default/blasting] me.shedaniel.rei.api.common.display.DisplaySerializer$1@32b6f105
[01:24:23] [Server thread/DEBUG] [REI] Added display serializer [minecraft:default/campfire] me.shedaniel.rei.api.common.display.DisplaySerializer$1@56c1fcbf
[01:24:23] [Server thread/DEBUG] [REI] Added display serializer [minecraft:default/stone_cutting] me.shedaniel.rei.api.common.display.DisplaySerializer$1@40f03819
[01:24:23] [Server thread/DEBUG] [REI] Added display serializer [minecraft:default/stripping] me.shedaniel.rei.api.common.display.DisplaySerializer$1@55491847
[01:24:23] [Server thread/DEBUG] [REI] Added display serializer [minecraft:default/brewing] me.shedaniel.rei.api.common.display.DisplaySerializer$1@5022ef04
[01:24:23] [Server thread/DEBUG] [REI] Added display serializer [minecraft:default/composting] me.shedaniel.rei.api.common.display.DisplaySerializer$1@3f0a29e
[01:24:23] [Server thread/DEBUG] [REI] Added display serializer [minecraft:default/fuel] me.shedaniel.rei.api.common.display.DisplaySerializer$1@1b210e2c
[01:24:23] [Server thread/DEBUG] [REI] Added display serializer [minecraft:default/smithing] me.shedaniel.rei.api.common.display.DisplaySerializer$1@41ca2f
[01:24:23] [Server thread/DEBUG] [REI] Added display serializer [minecraft:default/smithing/trimming] me.shedaniel.rei.api.common.display.DisplaySerializer$1@69051f31
[01:24:23] [Server thread/DEBUG] [REI] Added display serializer [minecraft:default/anvil] me.shedaniel.rei.api.common.display.DisplaySerializer$1@418b4f00
[01:24:23] [Server thread/DEBUG] [REI] Added display serializer [minecraft:default/beacon_base] me.shedaniel.rei.api.common.display.DisplaySerializer$1@14a62c4a
[01:24:23] [Server thread/DEBUG] [REI] Added display serializer [minecraft:default/beacon_payment] me.shedaniel.rei.api.common.display.DisplaySerializer$1@699eab54
[01:24:23] [Server thread/DEBUG] [REI] Added display serializer [minecraft:default/tilling] me.shedaniel.rei.api.common.display.DisplaySerializer$1@24e25183
[01:24:23] [Server thread/DEBUG] [REI] Added display serializer [minecraft:default/pathing] me.shedaniel.rei.api.common.display.DisplaySerializer$1@5910b315
[01:24:23] [Server thread/DEBUG] [REI] Added display serializer [minecraft:default/waxing] me.shedaniel.rei.api.common.display.DisplaySerializer$1@32b1d230
[01:24:23] [Server thread/DEBUG] [REI] Added display serializer [minecraft:default/waxing_scraping] me.shedaniel.rei.api.common.display.DisplaySerializer$1@134afbcf
[01:24:23] [Server thread/DEBUG] [REI] Added display serializer [minecraft:default/oxidizing] me.shedaniel.rei.api.common.display.DisplaySerializer$1@5130293b
[01:24:23] [Server thread/DEBUG] [REI] Added display serializer [minecraft:default/oxidizing_scraping] me.shedaniel.rei.api.common.display.DisplaySerializer$1@73b85e8
[01:24:23] [Server thread/DEBUG] [REI] Added display serializer [roughlyenoughitems:default/information] me.shedaniel.rei.api.common.display.DisplaySerializer$1@275bb282
[01:24:23] [Server thread/TRACE] [REI] [REICommonPlugin START] Reloading Section: "reloadable-plugin/DisplaySerializerRegistryImpl/DefaultPlugin of DefaultPlugin [roughlyenoughitems]/" done in 73.58 ms
[01:24:23] [Server thread/TRACE] [REI] [REICommonPlugin START] Reloading Section: "reloadable-plugin/DisplaySerializerRegistryImpl/FabricFluidAPISupportPlugin/"
[01:24:23] [Server thread/TRACE] [REI] [REICommonPlugin START] Reloading Section: "reloadable-plugin/DisplaySerializerRegistryImpl/FabricFluidAPISupportPlugin/" done in 105.2 μs
[01:24:23] [Server thread/TRACE] [REI] [REICommonPlugin START] Reloading Section: "reloadable-plugin/DisplaySerializerRegistryImpl/DefaultRuntimePlugin of DefaultRuntimePlugin [roughlyenoughitems]/"
[01:24:23] [Server thread/TRACE] [REI] [REICommonPlugin START] Reloading Section: "reloadable-plugin/DisplaySerializerRegistryImpl/DefaultRuntimePlugin of DefaultRuntimePlugin [roughlyenoughitems]/" done in 131.3 μs
[01:24:23] [Server thread/TRACE] [REI] [REICommonPlugin START] Reloading Section: "reloadable-plugin/DisplaySerializerRegistryImpl/" done in 74.45 ms
[01:24:23] [Server thread/TRACE] [REI] [REICommonPlugin START] Reloading Section: "reloadable-plugin/ServerDisplayRegistryImpl/"
[01:24:23] [Server thread/TRACE] [REI] [REICommonPlugin START] Reloading Section: "reloadable-plugin/ServerDisplayRegistryImpl/DefaultPlugin of DefaultPlugin [roughlyenoughitems]/"
[01:24:23] [Server thread/TRACE] [REI] [REICommonPlugin START] Reloading Section: "reloadable-plugin/ServerDisplayRegistryImpl/DefaultPlugin of DefaultPlugin [roughlyenoughitems]/" done in 99.13 μs
[01:24:23] [Server thread/TRACE] [REI] [REICommonPlugin START] Reloading Section: "reloadable-plugin/ServerDisplayRegistryImpl/FabricFluidAPISupportPlugin/"
[01:24:23] [Server thread/TRACE] [REI] [REICommonPlugin START] Reloading Section: "reloadable-plugin/ServerDisplayRegistryImpl/FabricFluidAPISupportPlugin/" done in 91.55 μs
[01:24:23] [Server thread/TRACE] [REI] [REICommonPlugin START] Reloading Section: "reloadable-plugin/ServerDisplayRegistryImpl/DefaultRuntimePlugin of DefaultRuntimePlugin [roughlyenoughitems]/"
[01:24:23] [Server thread/TRACE] [REI] [REICommonPlugin START] Reloading Section: "reloadable-plugin/ServerDisplayRegistryImpl/DefaultRuntimePlugin of DefaultRuntimePlugin [roughlyenoughitems]/" done in 424.0 μs
[01:24:23] [Server thread/TRACE] [REI] [REICommonPlugin START] Reloading Section: "reloadable-plugin/ServerDisplayRegistryImpl/" done in 2.387 ms
[01:24:23] [Server thread/TRACE] [REI] [REICommonPlugin START] Reloading Section: "reloadable-plugin/FluidSupportProviderImpl/"
[01:24:23] [Server thread/TRACE] [REI] [REICommonPlugin START] Reloading Section: "reloadable-plugin/FluidSupportProviderImpl/DefaultPlugin of DefaultPlugin [roughlyenoughitems]/"
[01:24:23] [Server thread/TRACE] [REI] [REICommonPlugin START] Reloading Section: "reloadable-plugin/FluidSupportProviderImpl/DefaultPlugin of DefaultPlugin [roughlyenoughitems]/" done in 431.9 μs
[01:24:23] [Server thread/TRACE] [REI] [REICommonPlugin START] Reloading Section: "reloadable-plugin/FluidSupportProviderImpl/FabricFluidAPISupportPlugin/"
[01:24:23] [Server thread/TRACE] [REI] [REICommonPlugin START] Reloading Section: "reloadable-plugin/FluidSupportProviderImpl/FabricFluidAPISupportPlugin/" done in 192.2 μs
[01:24:23] [Server thread/TRACE] [REI] [REICommonPlugin START] Reloading Section: "reloadable-plugin/FluidSupportProviderImpl/DefaultRuntimePlugin of DefaultRuntimePlugin [roughlyenoughitems]/"
[01:24:23] [Server thread/TRACE] [REI] [REICommonPlugin START] Reloading Section: "reloadable-plugin/FluidSupportProviderImpl/DefaultRuntimePlugin of DefaultRuntimePlugin [roughlyenoughitems]/" done in 50.44 μs
[01:24:23] [Server thread/TRACE] [REI] [REICommonPlugin START] Reloading Section: "reloadable-plugin/FluidSupportProviderImpl/" done in 1.116 ms
[01:24:23] [Server thread/DEBUG] [REI] ========================================
[01:24:23] [Server thread/DEBUG] [REI] REICommonPlugin ending main-reload for START.
[01:24:23] [Server thread/DEBUG] [REI] ========================================
[01:24:23] [Server thread/TRACE] [REI] [REICommonPlugin START] Reloading Section: "end-reload/"
[01:24:23] [Server thread/TRACE] [REI] [REICommonPlugin START] Reloading Section: "end-reload/SlotAccessorRegistryImpl/"
[01:24:23] [Server thread/TRACE] [REI] [REICommonPlugin START] Reloading Section: "end-reload/SlotAccessorRegistryImpl/" done in 1.900 ms
[01:24:23] [Server thread/TRACE] [REI] [REICommonPlugin START] Reloading Section: "end-reload/EntryTypeRegistryImpl/"
[01:24:23] [Server thread/TRACE] [REI] [REICommonPlugin START] Reloading Section: "end-reload/EntryTypeRegistryImpl/" done in 43.36 μs
[01:24:23] [Server thread/TRACE] [REI] [REICommonPlugin START] Reloading Section: "end-reload/EntrySettingsAdapterRegistryImpl/"
[01:24:23] [Server thread/TRACE] [REI] [REICommonPlugin START] Reloading Section: "end-reload/EntrySettingsAdapterRegistryImpl/" done in 34.96 μs
[01:24:23] [Server thread/TRACE] [REI] [REICommonPlugin START] Reloading Section: "end-reload/ItemComparatorRegistryImpl/"
[01:24:23] [Server thread/TRACE] [REI] [REICommonPlugin START] Reloading Section: "end-reload/ItemComparatorRegistryImpl/" done in 33.41 μs
[01:24:23] [Server thread/TRACE] [REI] [REICommonPlugin START] Reloading Section: "end-reload/FluidComparatorRegistryImpl/"
[01:24:23] [Server thread/TRACE] [REI] [REICommonPlugin START] Reloading Section: "end-reload/FluidComparatorRegistryImpl/" done in 31.59 μs
[01:24:23] [Server thread/TRACE] [REI] [REICommonPlugin START] Reloading Section: "end-reload/DisplaySerializerRegistryImpl/"
[01:24:23] [Server thread/TRACE] [REI] [REICommonPlugin START] Reloading Section: "end-reload/DisplaySerializerRegistryImpl/" done in 30.83 μs
[01:24:23] [Server thread/TRACE] [REI] [REICommonPlugin START] Reloading Section: "end-reload/ServerDisplayRegistryImpl/"
[01:24:23] [Server thread/TRACE] [REI] [REICommonPlugin START] Reloading Section: "end-reload/ServerDisplayRegistryImpl/" done in 40.64 μs
[01:24:23] [Server thread/TRACE] [REI] [REICommonPlugin START] Reloading Section: "end-reload/FluidSupportProviderImpl/"
[01:24:23] [Server thread/TRACE] [REI] [REICommonPlugin START] Reloading Section: "end-reload/FluidSupportProviderImpl/" done in 192.0 μs
[01:24:23] [Server thread/TRACE] [REI] [REICommonPlugin START] Reloading Section: "end-reload/" done in 2.976 ms
[01:24:23] [Server thread/DEBUG] [REI] ========================================
[01:24:23] [Server thread/DEBUG] [REI] REICommonPlugin ended main-reload for START in 117.7 ms.
[01:24:23] [Server thread/DEBUG] [REI] ========================================
[01:24:23] [Server thread/DEBUG] [REI] ========================================
[01:24:23] [Server thread/DEBUG] [REI] REICommonPlugin starting post-reload for START.
[01:24:23] [Server thread/DEBUG] [REI] Reloadables (8):
[01:24:23] [Server thread/DEBUG] [REI]  - SlotAccessorRegistryImpl
[01:24:23] [Server thread/DEBUG] [REI]  - EntryTypeRegistryImpl
[01:24:23] [Server thread/DEBUG] [REI]  - EntrySettingsAdapterRegistryImpl
[01:24:23] [Server thread/DEBUG] [REI]  - ItemComparatorRegistryImpl
[01:24:23] [Server thread/DEBUG] [REI]  - FluidComparatorRegistryImpl
[01:24:23] [Server thread/DEBUG] [REI]  - DisplaySerializerRegistryImpl
[01:24:23] [Server thread/DEBUG] [REI]  - ServerDisplayRegistryImpl
[01:24:23] [Server thread/DEBUG] [REI]  - FluidSupportProviderImpl
[01:24:23] [Server thread/DEBUG] [REI] Plugins (3):
[01:24:23] [Server thread/DEBUG] [REI]  - (-100.00) DefaultPlugin of DefaultPlugin [roughlyenoughitems]
[01:24:23] [Server thread/DEBUG] [REI]  - (0.00) FabricFluidAPISupportPlugin
[01:24:23] [Server thread/DEBUG] [REI]  - (0.00) DefaultRuntimePlugin of DefaultRuntimePlugin [roughlyenoughitems]
[01:24:23] [Server thread/DEBUG] [REI] ========================================
[01:24:23] [Server thread/TRACE] [REI] [REICommonPlugin START] Reloading Section: "post-register/"
[01:24:23] [Server thread/TRACE] [REI] [REICommonPlugin START] Reloading Section: "post-register/DefaultPlugin of DefaultPlugin [roughlyenoughitems]/"
[01:24:23] [Server thread/TRACE] [REI] [REICommonPlugin START] Reloading Section: "post-register/DefaultPlugin of DefaultPlugin [roughlyenoughitems]/" done in 242.3 μs
[01:24:23] [Server thread/TRACE] [REI] [REICommonPlugin START] Reloading Section: "post-register/FabricFluidAPISupportPlugin/"
[01:24:23] [Server thread/TRACE] [REI] [REICommonPlugin START] Reloading Section: "post-register/FabricFluidAPISupportPlugin/" done in 481.1 μs
[01:24:23] [Server thread/TRACE] [REI] [REICommonPlugin START] Reloading Section: "post-register/DefaultRuntimePlugin of DefaultRuntimePlugin [roughlyenoughitems]/"
[01:24:23] [Server thread/TRACE] [REI] [REICommonPlugin START] Reloading Section: "post-register/DefaultRuntimePlugin of DefaultRuntimePlugin [roughlyenoughitems]/" done in 42.69 μs
[01:24:23] [Server thread/TRACE] [REI] [REICommonPlugin START] Reloading Section: "post-register/" done in 2.785 ms
[01:24:23] [Server thread/TRACE] [REI] [REICommonPlugin START] Reloading Section: "post-stage/"
[01:24:23] [Server thread/TRACE] [REI] [REICommonPlugin START] Reloading Section: "post-stage/SlotAccessorRegistryImpl/"
[01:24:23] [Server thread/TRACE] [REI] [REICommonPlugin START] Reloading Section: "post-stage/SlotAccessorRegistryImpl/" done in 56.32 μs
[01:24:23] [Server thread/TRACE] [REI] [REICommonPlugin START] Reloading Section: "post-stage/EntryTypeRegistryImpl/"
[01:24:23] [Server thread/TRACE] [REI] [REICommonPlugin START] Reloading Section: "post-stage/EntryTypeRegistryImpl/" done in 23.61 μs
[01:24:23] [Server thread/TRACE] [REI] [REICommonPlugin START] Reloading Section: "post-stage/EntrySettingsAdapterRegistryImpl/"
[01:24:23] [Server thread/TRACE] [REI] [REICommonPlugin START] Reloading Section: "post-stage/EntrySettingsAdapterRegistryImpl/" done in 18.97 μs
[01:24:23] [Server thread/TRACE] [REI] [REICommonPlugin START] Reloading Section: "post-stage/ItemComparatorRegistryImpl/"
[01:24:23] [Server thread/TRACE] [REI] [REICommonPlugin START] Reloading Section: "post-stage/ItemComparatorRegistryImpl/" done in 28.27 μs
[01:24:23] [Server thread/TRACE] [REI] [REICommonPlugin START] Reloading Section: "post-stage/FluidComparatorRegistryImpl/"
[01:24:23] [Server thread/TRACE] [REI] [REICommonPlugin START] Reloading Section: "post-stage/FluidComparatorRegistryImpl/" done in 19.63 μs
[01:24:23] [Server thread/TRACE] [REI] [REICommonPlugin START] Reloading Section: "post-stage/DisplaySerializerRegistryImpl/"
[01:24:23] [Server thread/TRACE] [REI] [REICommonPlugin START] Reloading Section: "post-stage/DisplaySerializerRegistryImpl/" done in 18.42 μs
[01:24:23] [Server thread/TRACE] [REI] [REICommonPlugin START] Reloading Section: "post-stage/ServerDisplayRegistryImpl/"
[01:24:23] [Server thread/TRACE] [REI] [REICommonPlugin START] Reloading Section: "post-stage/ServerDisplayRegistryImpl/" done in 18.29 μs
[01:24:23] [Server thread/TRACE] [REI] [REICommonPlugin START] Reloading Section: "post-stage/FluidSupportProviderImpl/"
[01:24:23] [Server thread/TRACE] [REI] [REICommonPlugin START] Reloading Section: "post-stage/FluidSupportProviderImpl/" done in 17.80 μs
[01:24:23] [Server thread/TRACE] [REI] [REICommonPlugin START] Reloading Section: "post-stage/" done in 2.236 ms
[01:24:23] [Server thread/DEBUG] [REI] ========================================
[01:24:23] [Server thread/INFO] [REI] REICommonPlugin finished post-reload for START in 5.959 ms, totaling 145.4 ms.
[01:24:23] [Server thread/DEBUG] [REI] ========================================
[01:24:23] [Server thread/DEBUG] [REI] ========================================
[01:24:23] [Server thread/DEBUG] [REI] REICommonPlugin starting pre-reload for END.
[01:24:23] [Server thread/DEBUG] [REI] Reloadables (8):
[01:24:23] [Server thread/DEBUG] [REI]  - SlotAccessorRegistryImpl
[01:24:23] [Server thread/DEBUG] [REI]  - EntryTypeRegistryImpl
[01:24:23] [Server thread/DEBUG] [REI]  - EntrySettingsAdapterRegistryImpl
[01:24:23] [Server thread/DEBUG] [REI]  - ItemComparatorRegistryImpl
[01:24:23] [Server thread/DEBUG] [REI]  - FluidComparatorRegistryImpl
[01:24:23] [Server thread/DEBUG] [REI]  - DisplaySerializerRegistryImpl
[01:24:23] [Server thread/DEBUG] [REI]  - ServerDisplayRegistryImpl
[01:24:23] [Server thread/DEBUG] [REI]  - FluidSupportProviderImpl
[01:24:23] [Server thread/DEBUG] [REI] Plugins (3):
[01:24:23] [Server thread/DEBUG] [REI]  - (-100.00) DefaultPlugin of DefaultPlugin [roughlyenoughitems]
[01:24:23] [Server thread/DEBUG] [REI]  - (0.00) FabricFluidAPISupportPlugin
[01:24:23] [Server thread/DEBUG] [REI]  - (0.00) DefaultRuntimePlugin of DefaultRuntimePlugin [roughlyenoughitems]
[01:24:23] [Server thread/DEBUG] [REI] ========================================
[01:24:23] [Server thread/TRACE] [REI] [REICommonPlugin END] Reloading Section: "pre-register/"
[01:24:23] [Server thread/TRACE] [REI] [REICommonPlugin END] Reloading Section: "pre-register/DefaultPlugin of DefaultPlugin [roughlyenoughitems]/"
[01:24:23] [Server thread/TRACE] [REI] [REICommonPlugin END] Reloading Section: "pre-register/DefaultPlugin of DefaultPlugin [roughlyenoughitems]/" done in 31.52 μs
[01:24:23] [Server thread/TRACE] [REI] [REICommonPlugin END] Reloading Section: "pre-register/FabricFluidAPISupportPlugin/"
[01:24:23] [Server thread/TRACE] [REI] [REICommonPlugin END] Reloading Section: "pre-register/FabricFluidAPISupportPlugin/" done in 21.47 μs
[01:24:23] [Server thread/TRACE] [REI] [REICommonPlugin END] Reloading Section: "pre-register/DefaultRuntimePlugin of DefaultRuntimePlugin [roughlyenoughitems]/"
[01:24:23] [Server thread/TRACE] [REI] [REICommonPlugin END] Reloading Section: "pre-register/DefaultRuntimePlugin of DefaultRuntimePlugin [roughlyenoughitems]/" done in 19.75 μs
[01:24:23] [Server thread/TRACE] [REI] [REICommonPlugin END] Reloading Section: "pre-register/" done in 282.6 μs
[01:24:23] [Server thread/TRACE] [REI] [REICommonPlugin END] Reloading Section: "pre-stage/"
[01:24:23] [Server thread/TRACE] [REI] [REICommonPlugin END] Reloading Section: "pre-stage/SlotAccessorRegistryImpl/"
[01:24:23] [Server thread/TRACE] [REI] [REICommonPlugin END] Reloading Section: "pre-stage/SlotAccessorRegistryImpl/" done in 27.40 μs
[01:24:23] [Server thread/TRACE] [REI] [REICommonPlugin END] Reloading Section: "pre-stage/EntryTypeRegistryImpl/"
[01:24:23] [Server thread/TRACE] [REI] [REICommonPlugin END] Reloading Section: "pre-stage/EntryTypeRegistryImpl/" done in 19.93 μs
[01:24:23] [Server thread/TRACE] [REI] [REICommonPlugin END] Reloading Section: "pre-stage/EntrySettingsAdapterRegistryImpl/"
[01:24:23] [Server thread/TRACE] [REI] [REICommonPlugin END] Reloading Section: "pre-stage/EntrySettingsAdapterRegistryImpl/" done in 19.34 μs
[01:24:23] [Server thread/TRACE] [REI] [REICommonPlugin END] Reloading Section: "pre-stage/ItemComparatorRegistryImpl/"
[01:24:23] [Server thread/TRACE] [REI] [REICommonPlugin END] Reloading Section: "pre-stage/ItemComparatorRegistryImpl/" done in 17.19 μs
[01:24:23] [Server thread/TRACE] [REI] [REICommonPlugin END] Reloading Section: "pre-stage/FluidComparatorRegistryImpl/"
[01:24:23] [Server thread/TRACE] [REI] [REICommonPlugin END] Reloading Section: "pre-stage/FluidComparatorRegistryImpl/" done in 16.80 μs
[01:24:23] [Server thread/TRACE] [REI] [REICommonPlugin END] Reloading Section: "pre-stage/DisplaySerializerRegistryImpl/"
[01:24:23] [Server thread/TRACE] [REI] [REICommonPlugin END] Reloading Section: "pre-stage/DisplaySerializerRegistryImpl/" done in 4.857 ms
[01:24:23] [Server thread/TRACE] [REI] [REICommonPlugin END] Reloading Section: "pre-stage/ServerDisplayRegistryImpl/"
[01:24:23] [Server thread/TRACE] [REI] [REICommonPlugin END] Reloading Section: "pre-stage/ServerDisplayRegistryImpl/" done in 170.3 μs
[01:24:23] [Server thread/TRACE] [REI] [REICommonPlugin END] Reloading Section: "pre-stage/FluidSupportProviderImpl/"
[01:24:23] [Server thread/TRACE] [REI] [REICommonPlugin END] Reloading Section: "pre-stage/FluidSupportProviderImpl/" done in 19.48 μs
[01:24:23] [Server thread/TRACE] [REI] [REICommonPlugin END] Reloading Section: "pre-stage/" done in 5.625 ms
[01:24:23] [Server thread/DEBUG] [REI] ========================================
[01:24:23] [Server thread/DEBUG] [REI] REICommonPlugin finished pre-reload for END in 5.974 ms.
[01:24:23] [Server thread/DEBUG] [REI] ========================================
[01:24:23] [Server thread/INFO] [REI] ~~~~~~~~~~~~~~~~~~~~~~~~~~~~~~~~~~~~~~~~
[01:24:23] [Server thread/INFO] [REI] REICommonPlugin starting main-reload for END.
[01:24:23] [Server thread/DEBUG] [REI] Reloadables (8):
[01:24:23] [Server thread/DEBUG] [REI]  - SlotAccessorRegistryImpl
[01:24:23] [Server thread/DEBUG] [REI]  - EntryTypeRegistryImpl
[01:24:23] [Server thread/DEBUG] [REI]  - EntrySettingsAdapterRegistryImpl
[01:24:23] [Server thread/DEBUG] [REI]  - ItemComparatorRegistryImpl
[01:24:23] [Server thread/DEBUG] [REI]  - FluidComparatorRegistryImpl
[01:24:23] [Server thread/DEBUG] [REI]  - DisplaySerializerRegistryImpl
[01:24:23] [Server thread/DEBUG] [REI]  - ServerDisplayRegistryImpl
[01:24:23] [Server thread/DEBUG] [REI]  - FluidSupportProviderImpl
[01:24:23] [Server thread/INFO] [REI] Plugins (3):
[01:24:23] [Server thread/INFO] [REI]  - (-100.00) DefaultPlugin of DefaultPlugin [roughlyenoughitems]
[01:24:23] [Server thread/INFO] [REI]  - (0.00) FabricFluidAPISupportPlugin
[01:24:23] [Server thread/INFO] [REI]  - (0.00) DefaultRuntimePlugin of DefaultRuntimePlugin [roughlyenoughitems]
[01:24:23] [Server thread/INFO] [REI] ~~~~~~~~~~~~~~~~~~~~~~~~~~~~~~~~~~~~~~~~
[01:24:23] [Server thread/TRACE] [REI] [REICommonPlugin END] Reloading Section: "start-reload/"
[01:24:23] [Server thread/TRACE] [REI] [REICommonPlugin END] Reloading Section: "start-reload/SlotAccessorRegistryImpl/"
[01:24:23] [Server thread/TRACE] [REI] [REICommonPlugin END] Reloading Section: "start-reload/SlotAccessorRegistryImpl/" done in 122.1 μs
[01:24:23] [Server thread/TRACE] [REI] [REICommonPlugin END] Reloading Section: "start-reload/EntryTypeRegistryImpl/"
[01:24:23] [Server thread/TRACE] [REI] [REICommonPlugin END] Reloading Section: "start-reload/EntryTypeRegistryImpl/" done in 22.61 μs
[01:24:23] [Server thread/TRACE] [REI] [REICommonPlugin END] Reloading Section: "start-reload/EntrySettingsAdapterRegistryImpl/"
[01:24:23] [Server thread/TRACE] [REI] [REICommonPlugin END] Reloading Section: "start-reload/EntrySettingsAdapterRegistryImpl/" done in 24.31 μs
[01:24:23] [Server thread/TRACE] [REI] [REICommonPlugin END] Reloading Section: "start-reload/ItemComparatorRegistryImpl/"
[01:24:23] [Server thread/TRACE] [REI] [REICommonPlugin END] Reloading Section: "start-reload/ItemComparatorRegistryImpl/" done in 1.677 ms
[01:24:23] [Server thread/TRACE] [REI] [REICommonPlugin END] Reloading Section: "start-reload/FluidComparatorRegistryImpl/"
[01:24:23] [Server thread/TRACE] [REI] [REICommonPlugin END] Reloading Section: "start-reload/FluidComparatorRegistryImpl/" done in 339.8 μs
[01:24:23] [Server thread/TRACE] [REI] [REICommonPlugin END] Reloading Section: "start-reload/DisplaySerializerRegistryImpl/"
[01:24:23] [Server thread/TRACE] [REI] [REICommonPlugin END] Reloading Section: "start-reload/DisplaySerializerRegistryImpl/" done in 642.8 μs
[01:24:23] [Server thread/TRACE] [REI] [REICommonPlugin END] Reloading Section: "start-reload/ServerDisplayRegistryImpl/"
[01:24:23] [Server thread/TRACE] [REI] [REICommonPlugin END] Reloading Section: "start-reload/ServerDisplayRegistryImpl/" done in 923.9 μs
[01:24:23] [Server thread/TRACE] [REI] [REICommonPlugin END] Reloading Section: "start-reload/FluidSupportProviderImpl/"
[01:24:23] [Server thread/TRACE] [REI] [REICommonPlugin END] Reloading Section: "start-reload/FluidSupportProviderImpl/" done in 1.101 ms
[01:24:23] [Server thread/TRACE] [REI] [REICommonPlugin END] Reloading Section: "start-reload/" done in 12.60 ms
[01:24:23] [Server thread/DEBUG] [REI] ========================================
[01:24:23] [Server thread/DEBUG] [REI] REICommonPlugin started main-reload for END.
[01:24:23] [Server thread/DEBUG] [REI] ========================================
[01:24:23] [Server thread/TRACE] [REI] [REICommonPlugin END] Reloading Section: "reloadable-plugin/SlotAccessorRegistryImpl/"
[01:24:23] [Server thread/TRACE] [REI] [REICommonPlugin END] Reloading Section: "reloadable-plugin/SlotAccessorRegistryImpl/DefaultPlugin of DefaultPlugin [roughlyenoughitems]/"
[01:24:23] [Server thread/TRACE] [REI] [REICommonPlugin END] Reloading Section: "reloadable-plugin/SlotAccessorRegistryImpl/DefaultPlugin of DefaultPlugin [roughlyenoughitems]/" done in 71.62 μs
[01:24:23] [Server thread/TRACE] [REI] [REICommonPlugin END] Reloading Section: "reloadable-plugin/SlotAccessorRegistryImpl/FabricFluidAPISupportPlugin/"
[01:24:23] [Server thread/TRACE] [REI] [REICommonPlugin END] Reloading Section: "reloadable-plugin/SlotAccessorRegistryImpl/FabricFluidAPISupportPlugin/" done in 34.12 μs
[01:24:23] [Server thread/TRACE] [REI] [REICommonPlugin END] Reloading Section: "reloadable-plugin/SlotAccessorRegistryImpl/DefaultRuntimePlugin of DefaultRuntimePlugin [roughlyenoughitems]/"
[01:24:23] [Server thread/DEBUG] [REI] Added slot accessor serializer: me.shedaniel.rei.plugin.common.runtime.DefaultRuntimePlugin$1@11c7204a [roughlyenoughitems:vanilla]
[01:24:23] [Server thread/DEBUG] [REI] Added slot accessor serializer: me.shedaniel.rei.plugin.common.runtime.DefaultRuntimePlugin$2@24b656a [roughlyenoughitems:player]
[01:24:23] [Server thread/TRACE] [REI] [REICommonPlugin END] Reloading Section: "reloadable-plugin/SlotAccessorRegistryImpl/DefaultRuntimePlugin of DefaultRuntimePlugin [roughlyenoughitems]/" done in 2.378 ms
[01:24:23] [Server thread/TRACE] [REI] [REICommonPlugin END] Reloading Section: "reloadable-plugin/SlotAccessorRegistryImpl/" done in 4.455 ms
[01:24:23] [Server thread/TRACE] [REI] [REICommonPlugin END] Reloading Section: "reloadable-plugin/EntryTypeRegistryImpl/"
[01:24:23] [Server thread/TRACE] [REI] [REICommonPlugin END] Reloading Section: "reloadable-plugin/EntryTypeRegistryImpl/DefaultPlugin of DefaultPlugin [roughlyenoughitems]/"
[01:24:23] [Server thread/TRACE] [REI] [REICommonPlugin END] Reloading Section: "reloadable-plugin/EntryTypeRegistryImpl/DefaultPlugin of DefaultPlugin [roughlyenoughitems]/" done in 89.29 μs
[01:24:23] [Server thread/TRACE] [REI] [REICommonPlugin END] Reloading Section: "reloadable-plugin/EntryTypeRegistryImpl/FabricFluidAPISupportPlugin/"
[01:24:23] [Server thread/TRACE] [REI] [REICommonPlugin END] Reloading Section: "reloadable-plugin/EntryTypeRegistryImpl/FabricFluidAPISupportPlugin/" done in 105.5 μs
[01:24:23] [Server thread/TRACE] [REI] [REICommonPlugin END] Reloading Section: "reloadable-plugin/EntryTypeRegistryImpl/DefaultRuntimePlugin of DefaultRuntimePlugin [roughlyenoughitems]/"
[01:24:23] [Server thread/TRACE] [REI] [REICommonPlugin END] Reloading Section: "reloadable-plugin/EntryTypeRegistryImpl/DefaultRuntimePlugin of DefaultRuntimePlugin [roughlyenoughitems]/" done in 114.7 μs
[01:24:23] [Server thread/TRACE] [REI] [REICommonPlugin END] Reloading Section: "reloadable-plugin/EntryTypeRegistryImpl/" done in 908.1 μs
[01:24:23] [Server thread/TRACE] [REI] [REICommonPlugin END] Reloading Section: "reloadable-plugin/EntrySettingsAdapterRegistryImpl/"
[01:24:23] [Server thread/TRACE] [REI] [REICommonPlugin END] Reloading Section: "reloadable-plugin/EntrySettingsAdapterRegistryImpl/DefaultPlugin of DefaultPlugin [roughlyenoughitems]/"
[01:24:23] [Server thread/TRACE] [REI] [REICommonPlugin END] Reloading Section: "reloadable-plugin/EntrySettingsAdapterRegistryImpl/DefaultPlugin of DefaultPlugin [roughlyenoughitems]/" done in 120.3 μs
[01:24:23] [Server thread/TRACE] [REI] [REICommonPlugin END] Reloading Section: "reloadable-plugin/EntrySettingsAdapterRegistryImpl/FabricFluidAPISupportPlugin/"
[01:24:23] [Server thread/TRACE] [REI] [REICommonPlugin END] Reloading Section: "reloadable-plugin/EntrySettingsAdapterRegistryImpl/FabricFluidAPISupportPlugin/" done in 132.0 μs
[01:24:23] [Server thread/TRACE] [REI] [REICommonPlugin END] Reloading Section: "reloadable-plugin/EntrySettingsAdapterRegistryImpl/DefaultRuntimePlugin of DefaultRuntimePlugin [roughlyenoughitems]/"
[01:24:23] [Server thread/TRACE] [REI] [REICommonPlugin END] Reloading Section: "reloadable-plugin/EntrySettingsAdapterRegistryImpl/DefaultRuntimePlugin of DefaultRuntimePlugin [roughlyenoughitems]/" done in 120.1 μs
[01:24:23] [Server thread/TRACE] [REI] [REICommonPlugin END] Reloading Section: "reloadable-plugin/EntrySettingsAdapterRegistryImpl/" done in 964.3 μs
[01:24:23] [Server thread/TRACE] [REI] [REICommonPlugin END] Reloading Section: "reloadable-plugin/ItemComparatorRegistryImpl/"
[01:24:23] [Server thread/TRACE] [REI] [REICommonPlugin END] Reloading Section: "reloadable-plugin/ItemComparatorRegistryImpl/DefaultPlugin of DefaultPlugin [roughlyenoughitems]/"
[01:24:23] [Server thread/TRACE] [REI] [REICommonPlugin END] Reloading Section: "reloadable-plugin/ItemComparatorRegistryImpl/DefaultPlugin of DefaultPlugin [roughlyenoughitems]/" done in 89.34 μs
[01:24:23] [Server thread/TRACE] [REI] [REICommonPlugin END] Reloading Section: "reloadable-plugin/ItemComparatorRegistryImpl/FabricFluidAPISupportPlugin/"
[01:24:23] [Server thread/TRACE] [REI] [REICommonPlugin END] Reloading Section: "reloadable-plugin/ItemComparatorRegistryImpl/FabricFluidAPISupportPlugin/" done in 86.02 μs
[01:24:23] [Server thread/TRACE] [REI] [REICommonPlugin END] Reloading Section: "reloadable-plugin/ItemComparatorRegistryImpl/DefaultRuntimePlugin of DefaultRuntimePlugin [roughlyenoughitems]/"
[01:24:23] [Server thread/TRACE] [REI] [REICommonPlugin END] Reloading Section: "reloadable-plugin/ItemComparatorRegistryImpl/DefaultRuntimePlugin of DefaultRuntimePlugin [roughlyenoughitems]/" done in 93.67 μs
[01:24:23] [Server thread/TRACE] [REI] [REICommonPlugin END] Reloading Section: "reloadable-plugin/ItemComparatorRegistryImpl/" done in 868.1 μs
[01:24:23] [Server thread/TRACE] [REI] [REICommonPlugin END] Reloading Section: "reloadable-plugin/FluidComparatorRegistryImpl/"
[01:24:23] [Server thread/TRACE] [REI] [REICommonPlugin END] Reloading Section: "reloadable-plugin/FluidComparatorRegistryImpl/DefaultPlugin of DefaultPlugin [roughlyenoughitems]/"
[01:24:23] [Server thread/TRACE] [REI] [REICommonPlugin END] Reloading Section: "reloadable-plugin/FluidComparatorRegistryImpl/DefaultPlugin of DefaultPlugin [roughlyenoughitems]/" done in 73.67 μs
[01:24:23] [Server thread/TRACE] [REI] [REICommonPlugin END] Reloading Section: "reloadable-plugin/FluidComparatorRegistryImpl/FabricFluidAPISupportPlugin/"
[01:24:23] [Server thread/TRACE] [REI] [REICommonPlugin END] Reloading Section: "reloadable-plugin/FluidComparatorRegistryImpl/FabricFluidAPISupportPlugin/" done in 24.91 μs
[01:24:23] [Server thread/TRACE] [REI] [REICommonPlugin END] Reloading Section: "reloadable-plugin/FluidComparatorRegistryImpl/DefaultRuntimePlugin of DefaultRuntimePlugin [roughlyenoughitems]/"
[01:24:23] [Server thread/TRACE] [REI] [REICommonPlugin END] Reloading Section: "reloadable-plugin/FluidComparatorRegistryImpl/DefaultRuntimePlugin of DefaultRuntimePlugin [roughlyenoughitems]/" done in 23.48 μs
[01:24:23] [Server thread/TRACE] [REI] [REICommonPlugin END] Reloading Section: "reloadable-plugin/FluidComparatorRegistryImpl/" done in 484.5 μs
[01:24:23] [Server thread/TRACE] [REI] [REICommonPlugin END] Reloading Section: "reloadable-plugin/DisplaySerializerRegistryImpl/"
[01:24:23] [Server thread/TRACE] [REI] [REICommonPlugin END] Reloading Section: "reloadable-plugin/DisplaySerializerRegistryImpl/DefaultPlugin of DefaultPlugin [roughlyenoughitems]/"
[01:24:23] [Server thread/TRACE] [REI] [REICommonPlugin END] Reloading Section: "reloadable-plugin/DisplaySerializerRegistryImpl/DefaultPlugin of DefaultPlugin [roughlyenoughitems]/" done in 22.48 μs
[01:24:23] [Server thread/TRACE] [REI] [REICommonPlugin END] Reloading Section: "reloadable-plugin/DisplaySerializerRegistryImpl/FabricFluidAPISupportPlugin/"
[01:24:23] [Server thread/TRACE] [REI] [REICommonPlugin END] Reloading Section: "reloadable-plugin/DisplaySerializerRegistryImpl/FabricFluidAPISupportPlugin/" done in 22.05 μs
[01:24:23] [Server thread/TRACE] [REI] [REICommonPlugin END] Reloading Section: "reloadable-plugin/DisplaySerializerRegistryImpl/DefaultRuntimePlugin of DefaultRuntimePlugin [roughlyenoughitems]/"
[01:24:23] [Server thread/TRACE] [REI] [REICommonPlugin END] Reloading Section: "reloadable-plugin/DisplaySerializerRegistryImpl/DefaultRuntimePlugin of DefaultRuntimePlugin [roughlyenoughitems]/" done in 142.9 μs
[01:24:23] [Server thread/TRACE] [REI] [REICommonPlugin END] Reloading Section: "reloadable-plugin/DisplaySerializerRegistryImpl/" done in 1.784 ms
[01:24:23] [Server thread/TRACE] [REI] [REICommonPlugin END] Reloading Section: "reloadable-plugin/ServerDisplayRegistryImpl/"
[01:24:23] [Server thread/TRACE] [REI] [REICommonPlugin END] Reloading Section: "reloadable-plugin/ServerDisplayRegistryImpl/DefaultPlugin of DefaultPlugin [roughlyenoughitems]/"
[01:24:23] [Server thread/DEBUG] [REI] Added display filter: me.shedaniel.rei.api.common.registry.display.DisplayConsumer$RecipeManagerConsumer$RecipeFillerBuilder$$Lambda/0x000072735d2306f0@4acf8099
[01:24:23] [Server thread/DEBUG] [REI] Added display filter: me.shedaniel.rei.api.common.registry.display.DisplayConsumer$RecipeManagerConsumer$RecipeFillerBuilder$$Lambda/0x000072735d2306f0@4eeea15b
[01:24:23] [Server thread/DEBUG] [REI] Added display filter: me.shedaniel.rei.api.common.registry.display.DisplayConsumer$RecipeManagerConsumer$RecipeFillerBuilder$$Lambda/0x000072735d2306f0@7ef08c94
[01:24:23] [Server thread/DEBUG] [REI] Added display filter: me.shedaniel.rei.api.common.registry.display.DisplayConsumer$RecipeManagerConsumer$RecipeFillerBuilder$$Lambda/0x000072735d2306f0@1308bb2e
[01:24:23] [Server thread/DEBUG] [REI] Added display filter: me.shedaniel.rei.api.common.registry.display.DisplayConsumer$RecipeManagerConsumer$RecipeFillerBuilder$$Lambda/0x000072735d2306f0@49791ef7
[01:24:23] [Server thread/DEBUG] [REI] Added display filter: me.shedaniel.rei.api.common.registry.display.DisplayConsumer$RecipeManagerConsumer$RecipeFillerBuilder$$Lambda/0x000072735d2306f0@e20caac
[01:24:23] [Server thread/DEBUG] [REI] Added display filter: me.shedaniel.rei.api.common.registry.display.DisplayConsumer$RecipeManagerConsumer$RecipeFillerBuilder$$Lambda/0x000072735d2306f0@1b7addb
[01:24:23] [Server thread/DEBUG] [REI] Added display filter: me.shedaniel.rei.api.common.registry.display.DisplayConsumer$RecipeManagerConsumer$RecipeFillerBuilder$$Lambda/0x000072735d231f88@17e4fd34
[01:24:23] [Server thread/DEBUG] [REI] Added display filter: me.shedaniel.rei.api.common.registry.display.DisplayConsumer$RecipeManagerConsumer$RecipeFillerBuilder$$Lambda/0x000072735d231f88@17d0b0a0
[01:24:23] [Server thread/DEBUG] [REI] Added display filter: me.shedaniel.rei.api.common.registry.display.DisplayConsumer$RecipeManagerConsumer$RecipeFillerBuilder$$Lambda/0x000072735d231f88@71e0541a
[01:24:23] [Server thread/DEBUG] [REI] Added display filter: me.shedaniel.rei.api.common.registry.display.DisplayConsumer$RecipeManagerConsumer$RecipeFillerBuilder$$Lambda/0x000072735d231f88@50e7e8d8
[01:24:23] [Server thread/DEBUG] [REI] Added display filter: me.shedaniel.rei.api.common.registry.display.DisplayConsumer$RecipeManagerConsumer$RecipeFillerBuilder$$Lambda/0x000072735d231f88@60daa2ad
[01:24:23] [Server thread/DEBUG] [REI] Added display filter: me.shedaniel.rei.api.common.registry.display.DisplayConsumer$RecipeManagerConsumer$RecipeFillerBuilder$$Lambda/0x000072735d231f88@721d5ba6
[01:24:23] [Server thread/DEBUG] [REI] Added display filter: me.shedaniel.rei.api.common.registry.display.DisplayConsumer$RecipeManagerConsumer$RecipeFillerBuilder$$Lambda/0x000072735d231f88@12e917b
[01:24:23] [Server thread/DEBUG] [REI] Added display filter: me.shedaniel.rei.api.common.registry.display.DisplayConsumer$RecipeManagerConsumer$RecipeFillerBuilder$$Lambda/0x000072735d231f88@6e6018ae
[01:24:23] [Server thread/DEBUG] [REI] Added display filter: me.shedaniel.rei.api.common.registry.display.DisplayConsumer$RecipeManagerConsumer$RecipeFillerBuilder$$Lambda/0x000072735d231f88@5b9a0005
[01:24:23] [Server thread/TRACE] [REI] [REICommonPlugin END] Reloading Section: "reloadable-plugin/ServerDisplayRegistryImpl/DefaultPlugin of DefaultPlugin [roughlyenoughitems]/" done in 13.00 ms
[01:24:23] [Server thread/TRACE] [REI] [REICommonPlugin END] Reloading Section: "reloadable-plugin/ServerDisplayRegistryImpl/FabricFluidAPISupportPlugin/"
[01:24:23] [Server thread/TRACE] [REI] [REICommonPlugin END] Reloading Section: "reloadable-plugin/ServerDisplayRegistryImpl/FabricFluidAPISupportPlugin/" done in 107.5 μs
[01:24:23] [Server thread/TRACE] [REI] [REICommonPlugin END] Reloading Section: "reloadable-plugin/ServerDisplayRegistryImpl/DefaultRuntimePlugin of DefaultRuntimePlugin [roughlyenoughitems]/"
[01:24:23] [Server thread/TRACE] [REI] [REICommonPlugin END] Reloading Section: "reloadable-plugin/ServerDisplayRegistryImpl/DefaultRuntimePlugin of DefaultRuntimePlugin [roughlyenoughitems]/" done in 70.82 μs
[01:24:23] [Server thread/TRACE] [REI] [REICommonPlugin END] Reloading Section: "reloadable-plugin/ServerDisplayRegistryImpl/" done in 13.73 ms
[01:24:23] [Server thread/TRACE] [REI] [REICommonPlugin END] Reloading Section: "reloadable-plugin/FluidSupportProviderImpl/"
[01:24:23] [Server thread/TRACE] [REI] [REICommonPlugin END] Reloading Section: "reloadable-plugin/FluidSupportProviderImpl/DefaultPlugin of DefaultPlugin [roughlyenoughitems]/"
[01:24:23] [Server thread/TRACE] [REI] [REICommonPlugin END] Reloading Section: "reloadable-plugin/FluidSupportProviderImpl/DefaultPlugin of DefaultPlugin [roughlyenoughitems]/" done in 95.61 μs
[01:24:23] [Server thread/TRACE] [REI] [REICommonPlugin END] Reloading Section: "reloadable-plugin/FluidSupportProviderImpl/FabricFluidAPISupportPlugin/"
[01:24:23] [Server thread/TRACE] [REI] [REICommonPlugin END] Reloading Section: "reloadable-plugin/FluidSupportProviderImpl/FabricFluidAPISupportPlugin/" done in 70.02 μs
[01:24:23] [Server thread/TRACE] [REI] [REICommonPlugin END] Reloading Section: "reloadable-plugin/FluidSupportProviderImpl/DefaultRuntimePlugin of DefaultRuntimePlugin [roughlyenoughitems]/"
[01:24:23] [Server thread/TRACE] [REI] [REICommonPlugin END] Reloading Section: "reloadable-plugin/FluidSupportProviderImpl/DefaultRuntimePlugin of DefaultRuntimePlugin [roughlyenoughitems]/" done in 108.7 μs
[01:24:23] [Server thread/TRACE] [REI] [REICommonPlugin END] Reloading Section: "reloadable-plugin/FluidSupportProviderImpl/" done in 773.7 μs
[01:24:23] [Server thread/DEBUG] [REI] ========================================
[01:24:23] [Server thread/DEBUG] [REI] REICommonPlugin ending main-reload for END.
[01:24:23] [Server thread/DEBUG] [REI] ========================================
[01:24:23] [Server thread/TRACE] [REI] [REICommonPlugin END] Reloading Section: "end-reload/"
[01:24:23] [Server thread/TRACE] [REI] [REICommonPlugin END] Reloading Section: "end-reload/SlotAccessorRegistryImpl/"
[01:24:23] [Server thread/DEBUG] [REI] Registered 2 slot accessor serializers
[01:24:23] [Server thread/TRACE] [REI] [REICommonPlugin END] Reloading Section: "end-reload/SlotAccessorRegistryImpl/" done in 250.5 μs
[01:24:23] [Server thread/TRACE] [REI] [REICommonPlugin END] Reloading Section: "end-reload/EntryTypeRegistryImpl/"
[01:24:23] [Server thread/TRACE] [REI] [REICommonPlugin END] Reloading Section: "end-reload/EntryTypeRegistryImpl/" done in 89.06 μs
[01:24:23] [Server thread/TRACE] [REI] [REICommonPlugin END] Reloading Section: "end-reload/EntrySettingsAdapterRegistryImpl/"
[01:24:23] [Server thread/TRACE] [REI] [REICommonPlugin END] Reloading Section: "end-reload/EntrySettingsAdapterRegistryImpl/" done in 43.16 μs
[01:24:23] [Server thread/TRACE] [REI] [REICommonPlugin END] Reloading Section: "end-reload/ItemComparatorRegistryImpl/"
[01:24:23] [Server thread/TRACE] [REI] [REICommonPlugin END] Reloading Section: "end-reload/ItemComparatorRegistryImpl/" done in 92.69 μs
[01:24:23] [Server thread/TRACE] [REI] [REICommonPlugin END] Reloading Section: "end-reload/FluidComparatorRegistryImpl/"
[01:24:23] [Server thread/TRACE] [REI] [REICommonPlugin END] Reloading Section: "end-reload/FluidComparatorRegistryImpl/" done in 68.51 μs
[01:24:23] [Server thread/TRACE] [REI] [REICommonPlugin END] Reloading Section: "end-reload/DisplaySerializerRegistryImpl/"
[01:24:23] [Server thread/TRACE] [REI] [REICommonPlugin END] Reloading Section: "end-reload/DisplaySerializerRegistryImpl/" done in 76.28 μs
[01:24:23] [Server thread/TRACE] [REI] [REICommonPlugin END] Reloading Section: "end-reload/ServerDisplayRegistryImpl/"
[01:24:23] [Server thread/DEBUG] [REI] Found preliminary 0 displays
[01:24:23] [Server thread/DEBUG] [REI] Filled 1769 displays from recipe manager in 115.9 ms
[01:24:23] [Server thread/TRACE] [REI] [REICommonPlugin END] Reloading Section: "end-reload/ServerDisplayRegistryImpl/" done in 116.3 ms
[01:24:23] [Server thread/TRACE] [REI] [REICommonPlugin END] Reloading Section: "end-reload/FluidSupportProviderImpl/"
[01:24:23] [Server thread/TRACE] [REI] [REICommonPlugin END] Reloading Section: "end-reload/FluidSupportProviderImpl/" done in 28.78 μs
[01:24:23] [Server thread/TRACE] [REI] [REICommonPlugin END] Reloading Section: "end-reload/" done in 117.9 ms
[01:24:23] [Server thread/DEBUG] [REI] ========================================
[01:24:23] [Server thread/DEBUG] [REI] REICommonPlugin ended main-reload for END in 167.4 ms.
[01:24:23] [Server thread/DEBUG] [REI] ========================================
[01:24:23] [Server thread/DEBUG] [REI] ========================================
[01:24:23] [Server thread/DEBUG] [REI] REICommonPlugin starting post-reload for END.
[01:24:23] [Server thread/DEBUG] [REI] Reloadables (8):
[01:24:23] [Server thread/DEBUG] [REI]  - SlotAccessorRegistryImpl
[01:24:23] [Server thread/DEBUG] [REI]  - EntryTypeRegistryImpl
[01:24:23] [Server thread/DEBUG] [REI]  - EntrySettingsAdapterRegistryImpl
[01:24:23] [Server thread/DEBUG] [REI]  - ItemComparatorRegistryImpl
[01:24:23] [Server thread/DEBUG] [REI]  - FluidComparatorRegistryImpl
[01:24:23] [Server thread/DEBUG] [REI]  - DisplaySerializerRegistryImpl
[01:24:23] [Server thread/DEBUG] [REI]  - ServerDisplayRegistryImpl
[01:24:23] [Server thread/DEBUG] [REI]  - FluidSupportProviderImpl
[01:24:23] [Server thread/DEBUG] [REI] Plugins (3):
[01:24:23] [Server thread/DEBUG] [REI]  - (-100.00) DefaultPlugin of DefaultPlugin [roughlyenoughitems]
[01:24:23] [Server thread/DEBUG] [REI]  - (0.00) FabricFluidAPISupportPlugin
[01:24:23] [Server thread/DEBUG] [REI]  - (0.00) DefaultRuntimePlugin of DefaultRuntimePlugin [roughlyenoughitems]
[01:24:23] [Server thread/DEBUG] [REI] ========================================
[01:24:23] [Server thread/TRACE] [REI] [REICommonPlugin END] Reloading Section: "post-register/"
[01:24:23] [Server thread/TRACE] [REI] [REICommonPlugin END] Reloading Section: "post-register/DefaultPlugin of DefaultPlugin [roughlyenoughitems]/"
[01:24:23] [Server thread/TRACE] [REI] [REICommonPlugin END] Reloading Section: "post-register/DefaultPlugin of DefaultPlugin [roughlyenoughitems]/" done in 30.75 μs
[01:24:23] [Server thread/TRACE] [REI] [REICommonPlugin END] Reloading Section: "post-register/FabricFluidAPISupportPlugin/"
[01:24:23] [Server thread/TRACE] [REI] [REICommonPlugin END] Reloading Section: "post-register/FabricFluidAPISupportPlugin/" done in 18.21 μs
[01:24:23] [Server thread/TRACE] [REI] [REICommonPlugin END] Reloading Section: "post-register/DefaultRuntimePlugin of DefaultRuntimePlugin [roughlyenoughitems]/"
[01:24:23] [Server thread/TRACE] [REI] [REICommonPlugin END] Reloading Section: "post-register/DefaultRuntimePlugin of DefaultRuntimePlugin [roughlyenoughitems]/" done in 18.44 μs
[01:24:23] [Server thread/TRACE] [REI] [REICommonPlugin END] Reloading Section: "post-register/" done in 236.2 μs
[01:24:23] [Server thread/TRACE] [REI] [REICommonPlugin END] Reloading Section: "post-stage/"
[01:24:23] [Server thread/TRACE] [REI] [REICommonPlugin END] Reloading Section: "post-stage/SlotAccessorRegistryImpl/"
[01:24:23] [Server thread/TRACE] [REI] [REICommonPlugin END] Reloading Section: "post-stage/SlotAccessorRegistryImpl/" done in 19.49 μs
[01:24:23] [Server thread/TRACE] [REI] [REICommonPlugin END] Reloading Section: "post-stage/EntryTypeRegistryImpl/"
[01:24:23] [Server thread/TRACE] [REI] [REICommonPlugin END] Reloading Section: "post-stage/EntryTypeRegistryImpl/" done in 16.07 μs
[01:24:23] [Server thread/TRACE] [REI] [REICommonPlugin END] Reloading Section: "post-stage/EntrySettingsAdapterRegistryImpl/"
[01:24:23] [Server thread/TRACE] [REI] [REICommonPlugin END] Reloading Section: "post-stage/EntrySettingsAdapterRegistryImpl/" done in 14.69 μs
[01:24:23] [Server thread/TRACE] [REI] [REICommonPlugin END] Reloading Section: "post-stage/ItemComparatorRegistryImpl/"
[01:24:23] [Server thread/TRACE] [REI] [REICommonPlugin END] Reloading Section: "post-stage/ItemComparatorRegistryImpl/" done in 14.23 μs
[01:24:23] [Server thread/TRACE] [REI] [REICommonPlugin END] Reloading Section: "post-stage/FluidComparatorRegistryImpl/"
[01:24:23] [Server thread/TRACE] [REI] [REICommonPlugin END] Reloading Section: "post-stage/FluidComparatorRegistryImpl/" done in 14.17 μs
[01:24:23] [Server thread/TRACE] [REI] [REICommonPlugin END] Reloading Section: "post-stage/DisplaySerializerRegistryImpl/"
[01:24:23] [Server thread/TRACE] [REI] [REICommonPlugin END] Reloading Section: "post-stage/DisplaySerializerRegistryImpl/" done in 14.02 μs
[01:24:23] [Server thread/TRACE] [REI] [REICommonPlugin END] Reloading Section: "post-stage/ServerDisplayRegistryImpl/"
[01:24:23] [Server thread/TRACE] [REI] [REICommonPlugin END] Reloading Section: "post-stage/ServerDisplayRegistryImpl/" done in 13.79 μs
[01:24:23] [Server thread/TRACE] [REI] [REICommonPlugin END] Reloading Section: "post-stage/FluidSupportProviderImpl/"
[01:24:23] [Server thread/TRACE] [REI] [REICommonPlugin END] Reloading Section: "post-stage/FluidSupportProviderImpl/" done in 13.39 μs
[01:24:23] [Server thread/TRACE] [REI] [REICommonPlugin END] Reloading Section: "post-stage/" done in 346.4 μs
[01:24:23] [Server thread/DEBUG] [REI] ========================================
[01:24:23] [Server thread/INFO] [REI] REICommonPlugin finished post-reload for END in 634.3 μs, totaling 174.0 ms.
[01:24:23] [Server thread/DEBUG] [REI] ========================================
[01:24:31] [Server thread/DEBUG] [REI] Updating players with new displays version FBF724AA00000001 [from FBF724AA00000000]
[01:26:01] [Server thread/DEBUG] [REI] Player DenverKxng has outdated displays version 0 [latest version: FBF724AA00000001]
[01:26:01] [Server thread/DEBUG] [REI] Player DenverKxng has outdated displays version 0 [latest version: FBF724AA00000001], sending reset packet request.
[01:54:54] [Server thread/DEBUG] [REI] Player Gallo_ccc has outdated displays version 0 [latest version: FBF724AA00000001]
[01:54:54] [Server thread/DEBUG] [REI] Player Gallo_ccc has outdated displays version 0 [latest version: FBF724AA00000001], sending reset packet request.
[02:09:21] [Server thread/DEBUG] [REI] Player Silver_boy0607 has outdated displays version 0 [latest version: FBF724AA00000001]
[02:09:21] [Server thread/DEBUG] [REI] Player Silver_boy0607 has outdated displays version 0 [latest version: FBF724AA00000001], sending reset packet request.
[02:09:55] [Server thread/DEBUG] [REI] Player DenverKxng has outdated displays version 0 [latest version: FBF724AA00000001]
[02:09:55] [Server thread/DEBUG] [REI] Player DenverKxng has outdated displays version 0 [latest version: FBF724AA00000001], sending reset packet request.
[02:12:56] [Server thread/DEBUG] [REI] Player Noahkatz_2000 has outdated displays version 0 [latest version: FBF724AA00000001]
[02:12:56] [Server thread/DEBUG] [REI] Player Noahkatz_2000 has outdated displays version 0 [latest version: FBF724AA00000001], sending reset packet request.
[02:14:40] [Server thread/DEBUG] [REI] Player Gallo_ccc has outdated displays version 0 [latest version: FBF724AA00000001]
[02:14:40] [Server thread/DEBUG] [REI] Player Gallo_ccc has outdated displays version 0 [latest version: FBF724AA00000001], sending reset packet request.
